---
http_interactions:
- request:
    method: get
    uri: http://api.weatherapi.com/v1/history.json?dt=2024-01-10&key=<WEATHER_API_KEY>&q=36.53,-116.93
    body:
      encoding: US-ASCII
      string: ''
    headers:
      User-Agent:
      - Faraday v2.8.1
      Accept-Encoding:
      - gzip;q=1.0,deflate;q=0.6,identity;q=0.3
      Accept:
      - "*/*"
  response:
    status:
      code: 200
      message: OK
    headers:
      Date:
      - Thu, 11 Jan 2024 00:57:25 GMT
      Content-Type:
      - application/json
      Transfer-Encoding:
      - chunked
      Connection:
      - keep-alive
      Vary:
      - Accept-Encoding
      Server:
      - BunnyCDN-IL1-718
      Cdn-Pullzone:
      - '93447'
      Cdn-Uid:
      - 8fa3a04a-75d9-4707-8056-b7b33c8ac7fe
      Cdn-Requestcountrycode:
      - US
      Age:
      - '0'
      Cache-Control:
      - public, max-age=180
      Via:
      - 1.1 varnish (Varnish/6.0)
      X-Weatherapi-Qpm-Left:
      - '4999751'
      X-Varnish:
      - '362022302'
      Cdn-Proxyver:
      - '1.04'
      Cdn-Requestpullsuccess:
      - 'True'
      Cdn-Requestpullcode:
      - '200'
      Cdn-Cachedat:
      - 01/11/2024 00:57:25
      Cdn-Edgestorageid:
      - '1067'
      Cdn-Status:
      - '200'
      Cdn-Requestid:
      - 3b17123dfaf5bfb93c489c8ad877a842
      Cdn-Cache:
      - MISS
    body:
      encoding: ASCII-8BIT
      string: '{"location":{"name":"Beatty Junction","region":"California","country":"United
        States of America","lat":36.53,"lon":-116.93,"tz_id":"America/Los_Angeles","localtime_epoch":1704934610,"localtime":"2024-01-10
        16:56"},"forecast":{"forecastday":[{"date":"2024-01-10","date_epoch":1704844800,"day":{"maxtemp_c":13.2,"maxtemp_f":55.8,"mintemp_c":-1.1,"mintemp_f":30.1,"avgtemp_c":6.4,"avgtemp_f":43.6,"maxwind_mph":6.7,"maxwind_kph":10.8,"totalprecip_mm":0.0,"totalprecip_in":0.0,"totalsnow_cm":0.0,"avgvis_km":10.0,"avgvis_miles":6.0,"avghumidity":32,"daily_will_it_rain":0,"daily_chance_of_rain":0,"daily_will_it_snow":0,"daily_chance_of_snow":0,"condition":{"text":"Sunny","icon":"//cdn.weatherapi.com/weather/64x64/day/113.png","code":1000},"uv":4.0},"astro":{"sunrise":"07:00
        AM","sunset":"04:51 PM","moonrise":"06:38 AM","moonset":"03:56 PM","moon_phase":"Waning
        Crescent","moon_illumination":3},"hour":[{"time_epoch":1704873600,"time":"2024-01-10
        00:00","temp_c":1.1,"temp_f":34.0,"is_day":0,"condition":{"text":"Clear","icon":"//cdn.weatherapi.com/weather/64x64/night/113.png","code":1000},"wind_mph":1.1,"wind_kph":1.8,"wind_degree":46,"wind_dir":"NE","pressure_mb":1016.0,"pressure_in":30.0,"precip_mm":0.0,"precip_in":0.0,"snow_cm":0.0,"humidity":30,"cloud":0,"feelslike_c":1.1,"feelslike_f":34.0,"windchill_c":1.1,"windchill_f":34.0,"heatindex_c":1.1,"heatindex_f":34.0,"dewpoint_c":-14.3,"dewpoint_f":6.3,"will_it_rain":0,"chance_of_rain":0,"will_it_snow":0,"chance_of_snow":0,"vis_km":10.0,"vis_miles":6.0,"gust_mph":2.3,"gust_kph":3.8,"uv":1.0},{"time_epoch":1704877200,"time":"2024-01-10
        01:00","temp_c":0.7,"temp_f":33.2,"is_day":0,"condition":{"text":"Clear","icon":"//cdn.weatherapi.com/weather/64x64/night/113.png","code":1000},"wind_mph":0.9,"wind_kph":1.4,"wind_degree":328,"wind_dir":"NNW","pressure_mb":1016.0,"pressure_in":30.0,"precip_mm":0.0,"precip_in":0.0,"snow_cm":0.0,"humidity":31,"cloud":0,"feelslike_c":0.7,"feelslike_f":33.2,"windchill_c":0.7,"windchill_f":33.2,"heatindex_c":0.7,"heatindex_f":33.2,"dewpoint_c":-14.4,"dewpoint_f":6.0,"will_it_rain":0,"chance_of_rain":0,"will_it_snow":0,"chance_of_snow":0,"vis_km":10.0,"vis_miles":6.0,"gust_mph":1.9,"gust_kph":3.0,"uv":1.0},{"time_epoch":1704880800,"time":"2024-01-10
        02:00","temp_c":0.3,"temp_f":32.6,"is_day":0,"condition":{"text":"Clear","icon":"//cdn.weatherapi.com/weather/64x64/night/113.png","code":1000},"wind_mph":0.4,"wind_kph":0.7,"wind_degree":173,"wind_dir":"S","pressure_mb":1016.0,"pressure_in":29.99,"precip_mm":0.0,"precip_in":0.0,"snow_cm":0.0,"humidity":32,"cloud":0,"feelslike_c":0.3,"feelslike_f":32.6,"windchill_c":0.3,"windchill_f":32.6,"heatindex_c":0.3,"heatindex_f":32.6,"dewpoint_c":-14.5,"dewpoint_f":6.0,"will_it_rain":0,"chance_of_rain":0,"will_it_snow":0,"chance_of_snow":0,"vis_km":10.0,"vis_miles":6.0,"gust_mph":0.9,"gust_kph":1.5,"uv":1.0},{"time_epoch":1704884400,"time":"2024-01-10
        03:00","temp_c":0.1,"temp_f":32.2,"is_day":0,"condition":{"text":"Clear","icon":"//cdn.weatherapi.com/weather/64x64/night/113.png","code":1000},"wind_mph":0.9,"wind_kph":1.4,"wind_degree":91,"wind_dir":"E","pressure_mb":1015.0,"pressure_in":29.98,"precip_mm":0.0,"precip_in":0.0,"snow_cm":0.0,"humidity":32,"cloud":0,"feelslike_c":0.1,"feelslike_f":32.2,"windchill_c":0.1,"windchill_f":32.2,"heatindex_c":0.1,"heatindex_f":32.2,"dewpoint_c":-14.6,"dewpoint_f":5.8,"will_it_rain":0,"chance_of_rain":0,"will_it_snow":0,"chance_of_snow":0,"vis_km":10.0,"vis_miles":6.0,"gust_mph":1.9,"gust_kph":3.0,"uv":1.0},{"time_epoch":1704888000,"time":"2024-01-10
        04:00","temp_c":-0.2,"temp_f":31.7,"is_day":0,"condition":{"text":"Clear","icon":"//cdn.weatherapi.com/weather/64x64/night/113.png","code":1000},"wind_mph":0.4,"wind_kph":0.7,"wind_degree":43,"wind_dir":"NE","pressure_mb":1015.0,"pressure_in":29.97,"precip_mm":0.0,"precip_in":0.0,"snow_cm":0.0,"humidity":33,"cloud":0,"feelslike_c":-0.2,"feelslike_f":31.7,"windchill_c":-0.2,"windchill_f":31.7,"heatindex_c":-0.2,"heatindex_f":31.7,"dewpoint_c":-14.6,"dewpoint_f":5.7,"will_it_rain":0,"chance_of_rain":0,"will_it_snow":0,"chance_of_snow":0,"vis_km":10.0,"vis_miles":6.0,"gust_mph":0.9,"gust_kph":1.5,"uv":1.0},{"time_epoch":1704891600,"time":"2024-01-10
        05:00","temp_c":-0.4,"temp_f":31.4,"is_day":0,"condition":{"text":"Clear","icon":"//cdn.weatherapi.com/weather/64x64/night/113.png","code":1000},"wind_mph":1.1,"wind_kph":1.8,"wind_degree":348,"wind_dir":"NNW","pressure_mb":1014.0,"pressure_in":29.95,"precip_mm":0.0,"precip_in":0.0,"snow_cm":0.0,"humidity":33,"cloud":0,"feelslike_c":-0.4,"feelslike_f":31.4,"windchill_c":-0.4,"windchill_f":31.4,"heatindex_c":-0.4,"heatindex_f":31.4,"dewpoint_c":-14.6,"dewpoint_f":5.7,"will_it_rain":0,"chance_of_rain":0,"will_it_snow":0,"chance_of_snow":0,"vis_km":10.0,"vis_miles":6.0,"gust_mph":2.3,"gust_kph":3.8,"uv":1.0},{"time_epoch":1704895200,"time":"2024-01-10
        06:00","temp_c":-0.5,"temp_f":31.0,"is_day":0,"condition":{"text":"Clear","icon":"//cdn.weatherapi.com/weather/64x64/night/113.png","code":1000},"wind_mph":1.6,"wind_kph":2.5,"wind_degree":339,"wind_dir":"NNW","pressure_mb":1014.0,"pressure_in":29.94,"precip_mm":0.0,"precip_in":0.0,"snow_cm":0.0,"humidity":33,"cloud":0,"feelslike_c":-0.6,"feelslike_f":31.0,"windchill_c":-0.6,"windchill_f":31.0,"heatindex_c":-0.6,"heatindex_f":31.0,"dewpoint_c":-14.6,"dewpoint_f":5.7,"will_it_rain":0,"chance_of_rain":0,"will_it_snow":0,"chance_of_snow":0,"vis_km":10.0,"vis_miles":6.0,"gust_mph":3.3,"gust_kph":5.3,"uv":1.0},{"time_epoch":1704898800,"time":"2024-01-10
        07:00","temp_c":-0.9,"temp_f":30.4,"is_day":0,"condition":{"text":"Clear","icon":"//cdn.weatherapi.com/weather/64x64/night/113.png","code":1000},"wind_mph":0.4,"wind_kph":0.7,"wind_degree":18,"wind_dir":"NNE","pressure_mb":1013.0,"pressure_in":29.93,"precip_mm":0.0,"precip_in":0.0,"snow_cm":0.0,"humidity":34,"cloud":0,"feelslike_c":-0.9,"feelslike_f":30.4,"windchill_c":-0.9,"windchill_f":30.4,"heatindex_c":-0.9,"heatindex_f":30.4,"dewpoint_c":-14.6,"dewpoint_f":5.8,"will_it_rain":0,"chance_of_rain":0,"will_it_snow":0,"chance_of_snow":0,"vis_km":10.0,"vis_miles":6.0,"gust_mph":0.9,"gust_kph":1.5,"uv":1.0},{"time_epoch":1704902400,"time":"2024-01-10
        08:00","temp_c":-1.1,"temp_f":30.1,"is_day":1,"condition":{"text":"Sunny","icon":"//cdn.weatherapi.com/weather/64x64/day/113.png","code":1000},"wind_mph":0.9,"wind_kph":1.4,"wind_degree":142,"wind_dir":"SE","pressure_mb":1013.0,"pressure_in":29.92,"precip_mm":0.0,"precip_in":0.0,"snow_cm":0.0,"humidity":35,"cloud":0,"feelslike_c":-1.1,"feelslike_f":30.1,"windchill_c":-1.1,"windchill_f":30.1,"heatindex_c":-1.1,"heatindex_f":30.1,"dewpoint_c":-14.6,"dewpoint_f":5.7,"will_it_rain":0,"chance_of_rain":0,"will_it_snow":0,"chance_of_snow":0,"vis_km":10.0,"vis_miles":6.0,"gust_mph":1.9,"gust_kph":3.0,"uv":2.0},{"time_epoch":1704906000,"time":"2024-01-10
        09:00","temp_c":3.9,"temp_f":39.0,"is_day":1,"condition":{"text":"Sunny","icon":"//cdn.weatherapi.com/weather/64x64/day/113.png","code":1000},"wind_mph":2.0,"wind_kph":3.2,"wind_degree":162,"wind_dir":"SSE","pressure_mb":1013.0,"pressure_in":29.92,"precip_mm":0.0,"precip_in":0.0,"snow_cm":0.0,"humidity":30,"cloud":0,"feelslike_c":3.7,"feelslike_f":38.6,"windchill_c":3.7,"windchill_f":38.6,"heatindex_c":3.9,"heatindex_f":39.0,"dewpoint_c":-12.1,"dewpoint_f":10.2,"will_it_rain":0,"chance_of_rain":0,"will_it_snow":0,"chance_of_snow":0,"vis_km":10.0,"vis_miles":6.0,"gust_mph":4.2,"gust_kph":6.8,"uv":2.0},{"time_epoch":1704909600,"time":"2024-01-10
        10:00","temp_c":9.6,"temp_f":49.3,"is_day":1,"condition":{"text":"Sunny","icon":"//cdn.weatherapi.com/weather/64x64/day/113.png","code":1000},"wind_mph":2.5,"wind_kph":4.0,"wind_degree":155,"wind_dir":"SSE","pressure_mb":1013.0,"pressure_in":29.91,"precip_mm":0.0,"precip_in":0.0,"snow_cm":0.0,"humidity":24,"cloud":6,"feelslike_c":9.7,"feelslike_f":49.4,"windchill_c":9.7,"windchill_f":49.4,"heatindex_c":9.6,"heatindex_f":49.3,"dewpoint_c":-9.7,"dewpoint_f":14.5,"will_it_rain":0,"chance_of_rain":0,"will_it_snow":0,"chance_of_snow":0,"vis_km":10.0,"vis_miles":6.0,"gust_mph":2.8,"gust_kph":4.6,"uv":3.0},{"time_epoch":1704913200,"time":"2024-01-10
        11:00","temp_c":10.6,"temp_f":51.1,"is_day":1,"condition":{"text":"Sunny","icon":"//cdn.weatherapi.com/weather/64x64/day/113.png","code":1000},"wind_mph":2.5,"wind_kph":4.0,"wind_degree":135,"wind_dir":"SE","pressure_mb":1012.0,"pressure_in":29.9,"precip_mm":0.0,"precip_in":0.0,"snow_cm":0.0,"humidity":23,"cloud":9,"feelslike_c":10.8,"feelslike_f":51.5,"windchill_c":10.8,"windchill_f":51.5,"heatindex_c":10.6,"heatindex_f":51.1,"dewpoint_c":-9.8,"dewpoint_f":14.4,"will_it_rain":0,"chance_of_rain":0,"will_it_snow":0,"chance_of_snow":0,"vis_km":10.0,"vis_miles":6.0,"gust_mph":2.8,"gust_kph":4.6,"uv":4.0},{"time_epoch":1704916800,"time":"2024-01-10
        12:00","temp_c":11.3,"temp_f":52.4,"is_day":1,"condition":{"text":"Sunny","icon":"//cdn.weatherapi.com/weather/64x64/day/113.png","code":1000},"wind_mph":0.7,"wind_kph":1.1,"wind_degree":171,"wind_dir":"S","pressure_mb":1012.0,"pressure_in":29.87,"precip_mm":0.0,"precip_in":0.0,"snow_cm":0.0,"humidity":22,"cloud":2,"feelslike_c":11.3,"feelslike_f":52.4,"windchill_c":11.3,"windchill_f":52.4,"heatindex_c":11.3,"heatindex_f":52.4,"dewpoint_c":-9.5,"dewpoint_f":14.9,"will_it_rain":0,"chance_of_rain":0,"will_it_snow":0,"chance_of_snow":0,"vis_km":10.0,"vis_miles":6.0,"gust_mph":0.8,"gust_kph":1.3,"uv":4.0},{"time_epoch":1704920400,"time":"2024-01-10
        13:00","temp_c":12.1,"temp_f":53.9,"is_day":1,"condition":{"text":"Sunny","icon":"//cdn.weatherapi.com/weather/64x64/day/113.png","code":1000},"wind_mph":1.6,"wind_kph":2.5,"wind_degree":154,"wind_dir":"SSE","pressure_mb":1009.0,"pressure_in":29.8,"precip_mm":0.0,"precip_in":0.0,"snow_cm":0.0,"humidity":22,"cloud":2,"feelslike_c":12.1,"feelslike_f":53.9,"windchill_c":12.1,"windchill_f":53.9,"heatindex_c":12.1,"heatindex_f":53.9,"dewpoint_c":-8.8,"dewpoint_f":16.2,"will_it_rain":0,"chance_of_rain":0,"will_it_snow":0,"chance_of_snow":0,"vis_km":10.0,"vis_miles":6.0,"gust_mph":1.8,"gust_kph":2.9,"uv":4.0},{"time_epoch":1704924000,"time":"2024-01-10
        14:00","temp_c":12.8,"temp_f":55.1,"is_day":1,"condition":{"text":"Sunny","icon":"//cdn.weatherapi.com/weather/64x64/day/113.png","code":1000},"wind_mph":0.7,"wind_kph":1.1,"wind_degree":114,"wind_dir":"ESE","pressure_mb":1008.0,"pressure_in":29.76,"precip_mm":0.0,"precip_in":0.0,"snow_cm":0.0,"humidity":23,"cloud":2,"feelslike_c":12.8,"feelslike_f":55.1,"windchill_c":12.8,"windchill_f":55.1,"heatindex_c":12.8,"heatindex_f":55.1,"dewpoint_c":-7.5,"dewpoint_f":18.4,"will_it_rain":0,"chance_of_rain":0,"will_it_snow":0,"chance_of_snow":0,"vis_km":10.0,"vis_miles":6.0,"gust_mph":0.8,"gust_kph":1.3,"uv":4.0},{"time_epoch":1704927600,"time":"2024-01-10
        15:00","temp_c":13.1,"temp_f":55.6,"is_day":1,"condition":{"text":"Sunny","icon":"//cdn.weatherapi.com/weather/64x64/day/113.png","code":1000},"wind_mph":0.7,"wind_kph":1.1,"wind_degree":161,"wind_dir":"SSE","pressure_mb":1007.0,"pressure_in":29.73,"precip_mm":0.0,"precip_in":0.0,"snow_cm":0.0,"humidity":25,"cloud":2,"feelslike_c":13.1,"feelslike_f":55.6,"windchill_c":13.1,"windchill_f":55.6,"heatindex_c":13.1,"heatindex_f":55.6,"dewpoint_c":-6.3,"dewpoint_f":20.7,"will_it_rain":0,"chance_of_rain":0,"will_it_snow":0,"chance_of_snow":0,"vis_km":10.0,"vis_miles":6.0,"gust_mph":0.8,"gust_kph":1.3,"uv":4.0},{"time_epoch":1704931200,"time":"2024-01-10
        16:00","temp_c":13.2,"temp_f":55.8,"is_day":1,"condition":{"text":"Sunny","icon":"//cdn.weatherapi.com/weather/64x64/day/113.png","code":1000},"wind_mph":1.1,"wind_kph":1.8,"wind_degree":157,"wind_dir":"SSE","pressure_mb":1006.0,"pressure_in":29.69,"precip_mm":0.0,"precip_in":0.0,"snow_cm":0.0,"humidity":28,"cloud":2,"feelslike_c":13.3,"feelslike_f":55.9,"windchill_c":13.3,"windchill_f":55.9,"heatindex_c":13.3,"heatindex_f":55.9,"dewpoint_c":-4.9,"dewpoint_f":23.2,"will_it_rain":0,"chance_of_rain":0,"will_it_snow":0,"chance_of_snow":0,"vis_km":10.0,"vis_miles":6.0,"gust_mph":1.3,"gust_kph":2.1,"uv":4.0},{"time_epoch":1704934800,"time":"2024-01-10
        17:00","temp_c":12.9,"temp_f":55.2,"is_day":0,"condition":{"text":"Clear","icon":"//cdn.weatherapi.com/weather/64x64/night/113.png","code":1000},"wind_mph":1.1,"wind_kph":1.8,"wind_degree":153,"wind_dir":"SSE","pressure_mb":1005.0,"pressure_in":29.67,"precip_mm":0.0,"precip_in":0.0,"snow_cm":0.0,"humidity":31,"cloud":3,"feelslike_c":12.9,"feelslike_f":55.2,"windchill_c":12.9,"windchill_f":55.2,"heatindex_c":12.9,"heatindex_f":55.2,"dewpoint_c":-3.8,"dewpoint_f":25.2,"will_it_rain":0,"chance_of_rain":0,"will_it_snow":0,"chance_of_snow":0,"vis_km":10.0,"vis_miles":6.0,"gust_mph":1.3,"gust_kph":2.1,"uv":1.0},{"time_epoch":1704938400,"time":"2024-01-10
        18:00","temp_c":10.7,"temp_f":51.2,"is_day":0,"condition":{"text":"Clear","icon":"//cdn.weatherapi.com/weather/64x64/night/113.png","code":1000},"wind_mph":1.6,"wind_kph":2.5,"wind_degree":342,"wind_dir":"NNW","pressure_mb":1004.0,"pressure_in":29.66,"precip_mm":0.0,"precip_in":0.0,"snow_cm":0.0,"humidity":37,"cloud":3,"feelslike_c":10.7,"feelslike_f":51.2,"windchill_c":10.7,"windchill_f":51.2,"heatindex_c":10.7,"heatindex_f":51.2,"dewpoint_c":-3.4,"dewpoint_f":26.0,"will_it_rain":0,"chance_of_rain":0,"will_it_snow":0,"chance_of_snow":0,"vis_km":10.0,"vis_miles":6.0,"gust_mph":1.8,"gust_kph":2.9,"uv":1.0},{"time_epoch":1704942000,"time":"2024-01-10
        19:00","temp_c":9.8,"temp_f":49.6,"is_day":0,"condition":{"text":"Clear","icon":"//cdn.weatherapi.com/weather/64x64/night/113.png","code":1000},"wind_mph":1.1,"wind_kph":1.8,"wind_degree":352,"wind_dir":"N","pressure_mb":1004.0,"pressure_in":29.65,"precip_mm":0.0,"precip_in":0.0,"snow_cm":0.0,"humidity":39,"cloud":4,"feelslike_c":9.8,"feelslike_f":49.6,"windchill_c":9.8,"windchill_f":49.6,"heatindex_c":9.8,"heatindex_f":49.6,"dewpoint_c":-3.4,"dewpoint_f":25.9,"will_it_rain":0,"chance_of_rain":0,"will_it_snow":0,"chance_of_snow":0,"vis_km":10.0,"vis_miles":6.0,"gust_mph":1.4,"gust_kph":2.2,"uv":1.0},{"time_epoch":1704945600,"time":"2024-01-10
        20:00","temp_c":9.6,"temp_f":49.3,"is_day":0,"condition":{"text":"Clear","icon":"//cdn.weatherapi.com/weather/64x64/night/113.png","code":1000},"wind_mph":2.9,"wind_kph":4.7,"wind_degree":347,"wind_dir":"NNW","pressure_mb":1004.0,"pressure_in":29.66,"precip_mm":0.0,"precip_in":0.0,"snow_cm":0.0,"humidity":39,"cloud":5,"feelslike_c":9.4,"feelslike_f":49.0,"windchill_c":9.4,"windchill_f":49.0,"heatindex_c":9.6,"heatindex_f":49.3,"dewpoint_c":-3.7,"dewpoint_f":25.4,"will_it_rain":0,"chance_of_rain":0,"will_it_snow":0,"chance_of_snow":0,"vis_km":10.0,"vis_miles":6.0,"gust_mph":3.5,"gust_kph":5.7,"uv":1.0},{"time_epoch":1704949200,"time":"2024-01-10
        21:00","temp_c":9.2,"temp_f":48.5,"is_day":0,"condition":{"text":"Clear","icon":"//cdn.weatherapi.com/weather/64x64/night/113.png","code":1000},"wind_mph":2.2,"wind_kph":3.6,"wind_degree":301,"wind_dir":"WNW","pressure_mb":1004.0,"pressure_in":29.64,"precip_mm":0.0,"precip_in":0.0,"snow_cm":0.0,"humidity":40,"cloud":4,"feelslike_c":9.3,"feelslike_f":48.8,"windchill_c":9.3,"windchill_f":48.8,"heatindex_c":9.2,"heatindex_f":48.5,"dewpoint_c":-3.6,"dewpoint_f":25.5,"will_it_rain":0,"chance_of_rain":0,"will_it_snow":0,"chance_of_snow":0,"vis_km":10.0,"vis_miles":6.0,"gust_mph":2.9,"gust_kph":4.6,"uv":1.0},{"time_epoch":1704952800,"time":"2024-01-10
        22:00","temp_c":8.4,"temp_f":47.1,"is_day":0,"condition":{"text":"Clear","icon":"//cdn.weatherapi.com/weather/64x64/night/113.png","code":1000},"wind_mph":1.6,"wind_kph":2.5,"wind_degree":280,"wind_dir":"W","pressure_mb":1004.0,"pressure_in":29.64,"precip_mm":0.0,"precip_in":0.0,"snow_cm":0.0,"humidity":43,"cloud":4,"feelslike_c":8.4,"feelslike_f":47.0,"windchill_c":8.4,"windchill_f":47.0,"heatindex_c":8.4,"heatindex_f":47.0,"dewpoint_c":-3.4,"dewpoint_f":25.8,"will_it_rain":0,"chance_of_rain":0,"will_it_snow":0,"chance_of_snow":0,"vis_km":10.0,"vis_miles":6.0,"gust_mph":2.3,"gust_kph":3.6,"uv":1.0},{"time_epoch":1704956400,"time":"2024-01-10
        23:00","temp_c":7.6,"temp_f":45.7,"is_day":0,"condition":{"text":"Clear","icon":"//cdn.weatherapi.com/weather/64x64/night/113.png","code":1000},"wind_mph":6.7,"wind_kph":10.8,"wind_degree":343,"wind_dir":"NNW","pressure_mb":1005.0,"pressure_in":29.68,"precip_mm":0.0,"precip_in":0.0,"snow_cm":0.0,"humidity":43,"cloud":8,"feelslike_c":5.6,"feelslike_f":42.1,"windchill_c":5.6,"windchill_f":42.1,"heatindex_c":7.6,"heatindex_f":45.7,"dewpoint_c":-4.2,"dewpoint_f":24.5,"will_it_rain":0,"chance_of_rain":0,"will_it_snow":0,"chance_of_snow":0,"vis_km":10.0,"vis_miles":6.0,"gust_mph":10.4,"gust_kph":16.7,"uv":1.0}]}]}}'
  recorded_at: Thu, 11 Jan 2024 00:57:25 GMT
- request:
    method: get
    uri: http://api.weatherapi.com/v1/history.json?dt=2024-01-11&key=<WEATHER_API_KEY>&q=36.53,-116.93
    body:
      encoding: US-ASCII
      string: ''
    headers:
      User-Agent:
      - Faraday v2.8.1
      Accept-Encoding:
      - gzip;q=1.0,deflate;q=0.6,identity;q=0.3
      Accept:
      - "*/*"
  response:
    status:
      code: 200
      message: OK
    headers:
      Date:
      - Fri, 12 Jan 2024 20:32:41 GMT
      Content-Type:
      - application/json
      Transfer-Encoding:
      - chunked
      Connection:
      - keep-alive
      Vary:
      - Accept-Encoding
      Server:
      - BunnyCDN-IL1-718
      Cdn-Pullzone:
      - '93447'
      Cdn-Uid:
      - 8fa3a04a-75d9-4707-8056-b7b33c8ac7fe
      Cdn-Requestcountrycode:
      - US
      Age:
      - '0'
      Cache-Control:
      - public, max-age=180
      Via:
      - 1.1 varnish (Varnish/6.0)
      X-Weatherapi-Qpm-Left:
      - '4999448'
      X-Varnish:
      - '632390183'
      Cdn-Proxyver:
      - '1.04'
      Cdn-Requestpullsuccess:
      - 'True'
      Cdn-Requestpullcode:
      - '200'
      Cdn-Cachedat:
      - 01/12/2024 20:32:30
      Cdn-Edgestorageid:
      - '845'
      Cdn-Status:
      - '200'
      Cdn-Requestid:
      - 54f5d6d8a86470c1bd38723b7826f26f
      Cdn-Cache:
      - HIT
    body:
      encoding: ASCII-8BIT
      string: '{"location":{"name":"Beatty Junction","region":"California","country":"United
        States of America","lat":36.53,"lon":-116.93,"tz_id":"America/Los_Angeles","localtime_epoch":1705091513,"localtime":"2024-01-12
        12:31"},"forecast":{"forecastday":[{"date":"2024-01-11","date_epoch":1704931200,"day":{"maxtemp_c":13.0,"maxtemp_f":55.4,"mintemp_c":0.9,"mintemp_f":33.7,"avgtemp_c":6.4,"avgtemp_f":43.4,"maxwind_mph":11.9,"maxwind_kph":19.1,"totalprecip_mm":0.24,"totalprecip_in":0.01,"totalsnow_cm":0.0,"avgvis_km":9.8,"avgvis_miles":6.0,"avghumidity":32,"daily_will_it_rain":1,"daily_chance_of_rain":100,"daily_will_it_snow":0,"daily_chance_of_snow":0,"condition":{"text":"Sunny","icon":"//cdn.weatherapi.com/weather/64x64/day/113.png","code":1000},"uv":4.0},"astro":{"sunrise":"07:00
        AM","sunset":"04:51 PM","moonrise":"07:35 AM","moonset":"05:09 PM","moon_phase":"New
        Moon","moon_illumination":1},"hour":[{"time_epoch":1704960000,"time":"2024-01-11
        00:00","temp_c":4.2,"temp_f":39.6,"is_day":0,"condition":{"text":"Clear","icon":"//cdn.weatherapi.com/weather/64x64/night/113.png","code":1000},"wind_mph":0.7,"wind_kph":1.1,"wind_degree":149,"wind_dir":"SSE","pressure_mb":1005.0,"pressure_in":29.68,"precip_mm":0.0,"precip_in":0.0,"snow_cm":0.0,"humidity":50,"cloud":5,"feelslike_c":4.2,"feelslike_f":39.6,"windchill_c":4.2,"windchill_f":39.6,"heatindex_c":4.2,"heatindex_f":39.6,"dewpoint_c":-5.3,"dewpoint_f":22.5,"will_it_rain":0,"chance_of_rain":0,"will_it_snow":0,"chance_of_snow":0,"vis_km":10.0,"vis_miles":6.0,"gust_mph":1.4,"gust_kph":2.3,"uv":1.0},{"time_epoch":1704963600,"time":"2024-01-11
        01:00","temp_c":3.1,"temp_f":37.6,"is_day":0,"condition":{"text":"Clear","icon":"//cdn.weatherapi.com/weather/64x64/night/113.png","code":1000},"wind_mph":1.8,"wind_kph":2.9,"wind_degree":337,"wind_dir":"NNW","pressure_mb":1005.0,"pressure_in":29.69,"precip_mm":0.0,"precip_in":0.0,"snow_cm":0.0,"humidity":52,"cloud":6,"feelslike_c":3.1,"feelslike_f":37.6,"windchill_c":3.1,"windchill_f":37.6,"heatindex_c":3.1,"heatindex_f":37.6,"dewpoint_c":-5.7,"dewpoint_f":21.7,"will_it_rain":0,"chance_of_rain":0,"will_it_snow":0,"chance_of_snow":0,"vis_km":10.0,"vis_miles":6.0,"gust_mph":3.8,"gust_kph":6.0,"uv":1.0},{"time_epoch":1704967200,"time":"2024-01-11
        02:00","temp_c":3.2,"temp_f":37.7,"is_day":0,"condition":{"text":"Clear","icon":"//cdn.weatherapi.com/weather/64x64/night/113.png","code":1000},"wind_mph":4.0,"wind_kph":6.5,"wind_degree":6,"wind_dir":"N","pressure_mb":1006.0,"pressure_in":29.72,"precip_mm":0.0,"precip_in":0.0,"snow_cm":0.0,"humidity":53,"cloud":11,"feelslike_c":1.5,"feelslike_f":34.7,"windchill_c":1.5,"windchill_f":34.7,"heatindex_c":3.2,"heatindex_f":37.7,"dewpoint_c":-5.4,"dewpoint_f":22.3,"will_it_rain":0,"chance_of_rain":0,"will_it_snow":0,"chance_of_snow":0,"vis_km":10.0,"vis_miles":6.0,"gust_mph":8.5,"gust_kph":13.6,"uv":1.0},{"time_epoch":1704970800,"time":"2024-01-11
        03:00","temp_c":3.5,"temp_f":38.4,"is_day":0,"condition":{"text":"Partly cloudy","icon":"//cdn.weatherapi.com/weather/64x64/night/116.png","code":1003},"wind_mph":6.9,"wind_kph":11.2,"wind_degree":354,"wind_dir":"N","pressure_mb":1008.0,"pressure_in":29.77,"precip_mm":0.0,"precip_in":0.0,"snow_cm":0.0,"humidity":52,"cloud":44,"feelslike_c":0.7,"feelslike_f":33.2,"windchill_c":0.7,"windchill_f":33.2,"heatindex_c":3.5,"heatindex_f":38.4,"dewpoint_c":-5.4,"dewpoint_f":22.2,"will_it_rain":0,"chance_of_rain":0,"will_it_snow":0,"chance_of_snow":0,"vis_km":10.0,"vis_miles":6.0,"gust_mph":14.6,"gust_kph":23.4,"uv":1.0},{"time_epoch":1704974400,"time":"2024-01-11
        04:00","temp_c":3.2,"temp_f":37.8,"is_day":0,"condition":{"text":"Patchy rain
        possible","icon":"//cdn.weatherapi.com/weather/64x64/night/176.png","code":1063},"wind_mph":11.0,"wind_kph":17.6,"wind_degree":344,"wind_dir":"NNW","pressure_mb":1010.0,"pressure_in":29.82,"precip_mm":0.07,"precip_in":0.0,"snow_cm":0.0,"humidity":46,"cloud":75,"feelslike_c":-0.8,"feelslike_f":30.5,"windchill_c":-0.8,"windchill_f":30.5,"heatindex_c":3.2,"heatindex_f":37.8,"dewpoint_c":-7.4,"dewpoint_f":18.8,"will_it_rain":0,"chance_of_rain":45,"will_it_snow":0,"chance_of_snow":0,"vis_km":10.0,"vis_miles":6.0,"gust_mph":23.0,"gust_kph":37.0,"uv":1.0},{"time_epoch":1704978000,"time":"2024-01-11
        05:00","temp_c":4.2,"temp_f":39.6,"is_day":0,"condition":{"text":"Patchy light
        drizzle","icon":"//cdn.weatherapi.com/weather/64x64/night/263.png","code":1150},"wind_mph":8.1,"wind_kph":13.0,"wind_degree":304,"wind_dir":"NW","pressure_mb":1011.0,"pressure_in":29.87,"precip_mm":0.17,"precip_in":0.01,"snow_cm":0.0,"humidity":54,"cloud":82,"feelslike_c":1.1,"feelslike_f":34.0,"windchill_c":1.1,"windchill_f":34.0,"heatindex_c":4.2,"heatindex_f":39.6,"dewpoint_c":-4.2,"dewpoint_f":24.5,"will_it_rain":1,"chance_of_rain":100,"will_it_snow":0,"chance_of_snow":0,"vis_km":5.0,"vis_miles":3.0,"gust_mph":11.4,"gust_kph":18.4,"uv":1.0},{"time_epoch":1704981600,"time":"2024-01-11
        06:00","temp_c":2.8,"temp_f":37.1,"is_day":0,"condition":{"text":"Clear","icon":"//cdn.weatherapi.com/weather/64x64/night/113.png","code":1000},"wind_mph":4.3,"wind_kph":6.8,"wind_degree":303,"wind_dir":"WNW","pressure_mb":1012.0,"pressure_in":29.88,"precip_mm":0.0,"precip_in":0.0,"snow_cm":0.0,"humidity":56,"cloud":10,"feelslike_c":0.9,"feelslike_f":33.6,"windchill_c":0.9,"windchill_f":33.6,"heatindex_c":2.8,"heatindex_f":37.1,"dewpoint_c":-5.0,"dewpoint_f":23.0,"will_it_rain":0,"chance_of_rain":45,"will_it_snow":0,"chance_of_snow":0,"vis_km":10.0,"vis_miles":6.0,"gust_mph":7.6,"gust_kph":12.2,"uv":1.0},{"time_epoch":1704985200,"time":"2024-01-11
        07:00","temp_c":4.4,"temp_f":40.0,"is_day":0,"condition":{"text":"Clear","icon":"//cdn.weatherapi.com/weather/64x64/night/113.png","code":1000},"wind_mph":4.3,"wind_kph":6.8,"wind_degree":328,"wind_dir":"NNW","pressure_mb":1013.0,"pressure_in":29.92,"precip_mm":0.0,"precip_in":0.0,"snow_cm":0.0,"humidity":53,"cloud":5,"feelslike_c":2.8,"feelslike_f":37.0,"windchill_c":2.8,"windchill_f":37.0,"heatindex_c":4.4,"heatindex_f":40.0,"dewpoint_c":-4.4,"dewpoint_f":24.1,"will_it_rain":0,"chance_of_rain":0,"will_it_snow":0,"chance_of_snow":0,"vis_km":10.0,"vis_miles":6.0,"gust_mph":6.5,"gust_kph":10.5,"uv":1.0},{"time_epoch":1704988800,"time":"2024-01-11
        08:00","temp_c":5.9,"temp_f":42.6,"is_day":1,"condition":{"text":"Sunny","icon":"//cdn.weatherapi.com/weather/64x64/day/113.png","code":1000},"wind_mph":6.3,"wind_kph":10.1,"wind_degree":343,"wind_dir":"NNW","pressure_mb":1015.0,"pressure_in":29.96,"precip_mm":0.0,"precip_in":0.0,"snow_cm":0.0,"humidity":46,"cloud":2,"feelslike_c":3.7,"feelslike_f":38.7,"windchill_c":3.7,"windchill_f":38.7,"heatindex_c":5.9,"heatindex_f":42.6,"dewpoint_c":-4.9,"dewpoint_f":23.2,"will_it_rain":0,"chance_of_rain":0,"will_it_snow":0,"chance_of_snow":0,"vis_km":10.0,"vis_miles":6.0,"gust_mph":7.6,"gust_kph":12.3,"uv":3.0},{"time_epoch":1704992400,"time":"2024-01-11
        09:00","temp_c":7.1,"temp_f":44.8,"is_day":1,"condition":{"text":"Sunny","icon":"//cdn.weatherapi.com/weather/64x64/day/113.png","code":1000},"wind_mph":7.8,"wind_kph":12.6,"wind_degree":337,"wind_dir":"NNW","pressure_mb":1016.0,"pressure_in":30.01,"precip_mm":0.0,"precip_in":0.0,"snow_cm":0.0,"humidity":38,"cloud":1,"feelslike_c":4.7,"feelslike_f":40.5,"windchill_c":4.7,"windchill_f":40.5,"heatindex_c":7.1,"heatindex_f":44.8,"dewpoint_c":-6.3,"dewpoint_f":20.7,"will_it_rain":0,"chance_of_rain":0,"will_it_snow":0,"chance_of_snow":0,"vis_km":10.0,"vis_miles":6.0,"gust_mph":9.0,"gust_kph":14.5,"uv":3.0},{"time_epoch":1704996000,"time":"2024-01-11
        10:00","temp_c":8.8,"temp_f":47.9,"is_day":1,"condition":{"text":"Sunny","icon":"//cdn.weatherapi.com/weather/64x64/day/113.png","code":1000},"wind_mph":10.7,"wind_kph":17.3,"wind_degree":327,"wind_dir":"NNW","pressure_mb":1018.0,"pressure_in":30.06,"precip_mm":0.0,"precip_in":0.0,"snow_cm":0.0,"humidity":29,"cloud":0,"feelslike_c":6.2,"feelslike_f":43.1,"windchill_c":6.2,"windchill_f":43.1,"heatindex_c":8.8,"heatindex_f":47.9,"dewpoint_c":-8.3,"dewpoint_f":17.1,"will_it_rain":0,"chance_of_rain":0,"will_it_snow":0,"chance_of_snow":0,"vis_km":10.0,"vis_miles":6.0,"gust_mph":12.3,"gust_kph":19.9,"uv":3.0},{"time_epoch":1704999600,"time":"2024-01-11
        11:00","temp_c":10.0,"temp_f":50.0,"is_day":1,"condition":{"text":"Sunny","icon":"//cdn.weatherapi.com/weather/64x64/day/113.png","code":1000},"wind_mph":11.6,"wind_kph":18.7,"wind_degree":325,"wind_dir":"NW","pressure_mb":1019.0,"pressure_in":30.09,"precip_mm":0.0,"precip_in":0.0,"snow_cm":0.0,"humidity":22,"cloud":0,"feelslike_c":7.5,"feelslike_f":45.5,"windchill_c":7.5,"windchill_f":45.5,"heatindex_c":10.0,"heatindex_f":50.0,"dewpoint_c":-10.4,"dewpoint_f":13.3,"will_it_rain":0,"chance_of_rain":0,"will_it_snow":0,"chance_of_snow":0,"vis_km":10.0,"vis_miles":6.0,"gust_mph":13.4,"gust_kph":21.5,"uv":4.0},{"time_epoch":1705003200,"time":"2024-01-11
        12:00","temp_c":11.0,"temp_f":51.9,"is_day":1,"condition":{"text":"Sunny","icon":"//cdn.weatherapi.com/weather/64x64/day/113.png","code":1000},"wind_mph":11.9,"wind_kph":19.1,"wind_degree":327,"wind_dir":"NNW","pressure_mb":1019.0,"pressure_in":30.08,"precip_mm":0.0,"precip_in":0.0,"snow_cm":0.0,"humidity":19,"cloud":0,"feelslike_c":8.8,"feelslike_f":47.8,"windchill_c":8.8,"windchill_f":47.8,"heatindex_c":11.0,"heatindex_f":51.9,"dewpoint_c":-11.6,"dewpoint_f":11.2,"will_it_rain":0,"chance_of_rain":0,"will_it_snow":0,"chance_of_snow":0,"vis_km":10.0,"vis_miles":6.0,"gust_mph":13.6,"gust_kph":22.0,"uv":4.0},{"time_epoch":1705006800,"time":"2024-01-11
        13:00","temp_c":11.9,"temp_f":53.4,"is_day":1,"condition":{"text":"Sunny","icon":"//cdn.weatherapi.com/weather/64x64/day/113.png","code":1000},"wind_mph":11.4,"wind_kph":18.4,"wind_degree":331,"wind_dir":"NNW","pressure_mb":1018.0,"pressure_in":30.06,"precip_mm":0.0,"precip_in":0.0,"snow_cm":0.0,"humidity":16,"cloud":0,"feelslike_c":9.9,"feelslike_f":49.9,"windchill_c":9.9,"windchill_f":49.9,"heatindex_c":11.9,"heatindex_f":53.4,"dewpoint_c":-12.7,"dewpoint_f":9.2,"will_it_rain":0,"chance_of_rain":0,"will_it_snow":0,"chance_of_snow":0,"vis_km":10.0,"vis_miles":6.0,"gust_mph":13.1,"gust_kph":21.1,"uv":4.0},{"time_epoch":1705010400,"time":"2024-01-11
        14:00","temp_c":12.5,"temp_f":54.6,"is_day":1,"condition":{"text":"Sunny","icon":"//cdn.weatherapi.com/weather/64x64/day/113.png","code":1000},"wind_mph":9.8,"wind_kph":15.8,"wind_degree":335,"wind_dir":"NNW","pressure_mb":1017.0,"pressure_in":30.04,"precip_mm":0.0,"precip_in":0.0,"snow_cm":0.0,"humidity":15,"cloud":0,"feelslike_c":11.0,"feelslike_f":51.7,"windchill_c":11.0,"windchill_f":51.7,"heatindex_c":12.6,"heatindex_f":54.6,"dewpoint_c":-13.7,"dewpoint_f":7.4,"will_it_rain":0,"chance_of_rain":0,"will_it_snow":0,"chance_of_snow":0,"vis_km":10.0,"vis_miles":6.0,"gust_mph":11.3,"gust_kph":18.2,"uv":4.0},{"time_epoch":1705014000,"time":"2024-01-11
        15:00","temp_c":12.9,"temp_f":55.3,"is_day":1,"condition":{"text":"Sunny","icon":"//cdn.weatherapi.com/weather/64x64/day/113.png","code":1000},"wind_mph":9.2,"wind_kph":14.8,"wind_degree":340,"wind_dir":"NNW","pressure_mb":1017.0,"pressure_in":30.04,"precip_mm":0.0,"precip_in":0.0,"snow_cm":0.0,"humidity":13,"cloud":0,"feelslike_c":11.6,"feelslike_f":52.8,"windchill_c":11.6,"windchill_f":52.8,"heatindex_c":12.9,"heatindex_f":55.3,"dewpoint_c":-14.5,"dewpoint_f":6.0,"will_it_rain":0,"chance_of_rain":0,"will_it_snow":0,"chance_of_snow":0,"vis_km":10.0,"vis_miles":6.0,"gust_mph":10.6,"gust_kph":17.0,"uv":4.0},{"time_epoch":1705017600,"time":"2024-01-11
        16:00","temp_c":13.0,"temp_f":55.4,"is_day":1,"condition":{"text":"Sunny","icon":"//cdn.weatherapi.com/weather/64x64/day/113.png","code":1000},"wind_mph":8.3,"wind_kph":13.3,"wind_degree":346,"wind_dir":"NNW","pressure_mb":1018.0,"pressure_in":30.05,"precip_mm":0.0,"precip_in":0.0,"snow_cm":0.0,"humidity":13,"cloud":0,"feelslike_c":11.8,"feelslike_f":53.2,"windchill_c":11.8,"windchill_f":53.2,"heatindex_c":13.0,"heatindex_f":55.4,"dewpoint_c":-15.0,"dewpoint_f":4.9,"will_it_rain":0,"chance_of_rain":0,"will_it_snow":0,"chance_of_snow":0,"vis_km":10.0,"vis_miles":6.0,"gust_mph":9.5,"gust_kph":15.3,"uv":4.0},{"time_epoch":1705021200,"time":"2024-01-11
        17:00","temp_c":12.5,"temp_f":54.5,"is_day":0,"condition":{"text":"Clear","icon":"//cdn.weatherapi.com/weather/64x64/night/113.png","code":1000},"wind_mph":7.2,"wind_kph":11.5,"wind_degree":351,"wind_dir":"N","pressure_mb":1018.0,"pressure_in":30.07,"precip_mm":0.0,"precip_in":0.0,"snow_cm":0.0,"humidity":13,"cloud":0,"feelslike_c":11.4,"feelslike_f":52.6,"windchill_c":11.4,"windchill_f":52.6,"heatindex_c":12.5,"heatindex_f":54.5,"dewpoint_c":-14.9,"dewpoint_f":5.2,"will_it_rain":0,"chance_of_rain":0,"will_it_snow":0,"chance_of_snow":0,"vis_km":10.0,"vis_miles":6.0,"gust_mph":8.2,"gust_kph":13.2,"uv":1.0},{"time_epoch":1705024800,"time":"2024-01-11
        18:00","temp_c":6.6,"temp_f":43.9,"is_day":0,"condition":{"text":"Clear","icon":"//cdn.weatherapi.com/weather/64x64/night/113.png","code":1000},"wind_mph":4.3,"wind_kph":6.8,"wind_degree":354,"wind_dir":"N","pressure_mb":1019.0,"pressure_in":30.1,"precip_mm":0.0,"precip_in":0.0,"snow_cm":0.0,"humidity":17,"cloud":0,"feelslike_c":5.4,"feelslike_f":41.6,"windchill_c":5.4,"windchill_f":41.6,"heatindex_c":6.6,"heatindex_f":43.9,"dewpoint_c":-16.8,"dewpoint_f":1.8,"will_it_rain":0,"chance_of_rain":0,"will_it_snow":0,"chance_of_snow":0,"vis_km":10.0,"vis_miles":6.0,"gust_mph":8.9,"gust_kph":14.4,"uv":1.0},{"time_epoch":1705028400,"time":"2024-01-11
        19:00","temp_c":4.6,"temp_f":40.3,"is_day":0,"condition":{"text":"Clear","icon":"//cdn.weatherapi.com/weather/64x64/night/113.png","code":1000},"wind_mph":2.7,"wind_kph":4.3,"wind_degree":13,"wind_dir":"NNE","pressure_mb":1020.0,"pressure_in":30.13,"precip_mm":0.0,"precip_in":0.0,"snow_cm":0.0,"humidity":18,"cloud":2,"feelslike_c":4.0,"feelslike_f":39.1,"windchill_c":4.0,"windchill_f":39.1,"heatindex_c":4.6,"heatindex_f":40.3,"dewpoint_c":-17.4,"dewpoint_f":0.7,"will_it_rain":0,"chance_of_rain":0,"will_it_snow":0,"chance_of_snow":0,"vis_km":10.0,"vis_miles":6.0,"gust_mph":5.6,"gust_kph":9.1,"uv":1.0},{"time_epoch":1705032000,"time":"2024-01-11
        20:00","temp_c":2.5,"temp_f":36.5,"is_day":0,"condition":{"text":"Clear","icon":"//cdn.weatherapi.com/weather/64x64/night/113.png","code":1000},"wind_mph":2.2,"wind_kph":3.6,"wind_degree":33,"wind_dir":"NNE","pressure_mb":1021.0,"pressure_in":30.16,"precip_mm":0.0,"precip_in":0.0,"snow_cm":0.0,"humidity":20,"cloud":4,"feelslike_c":1.9,"feelslike_f":35.4,"windchill_c":1.9,"windchill_f":35.4,"heatindex_c":2.5,"heatindex_f":36.5,"dewpoint_c":-18.3,"dewpoint_f":-0.9,"will_it_rain":0,"chance_of_rain":0,"will_it_snow":0,"chance_of_snow":0,"vis_km":10.0,"vis_miles":6.0,"gust_mph":4.7,"gust_kph":7.6,"uv":1.0},{"time_epoch":1705035600,"time":"2024-01-11
        21:00","temp_c":1.9,"temp_f":35.4,"is_day":0,"condition":{"text":"Clear","icon":"//cdn.weatherapi.com/weather/64x64/night/113.png","code":1000},"wind_mph":2.5,"wind_kph":4.0,"wind_degree":35,"wind_dir":"NE","pressure_mb":1022.0,"pressure_in":30.18,"precip_mm":0.0,"precip_in":0.0,"snow_cm":0.0,"humidity":21,"cloud":9,"feelslike_c":1.1,"feelslike_f":33.9,"windchill_c":1.1,"windchill_f":33.9,"heatindex_c":1.9,"heatindex_f":35.4,"dewpoint_c":-18.0,"dewpoint_f":-0.4,"will_it_rain":0,"chance_of_rain":0,"will_it_snow":0,"chance_of_snow":0,"vis_km":10.0,"vis_miles":6.0,"gust_mph":5.2,"gust_kph":8.3,"uv":1.0},{"time_epoch":1705039200,"time":"2024-01-11
        22:00","temp_c":1.4,"temp_f":34.5,"is_day":0,"condition":{"text":"Clear","icon":"//cdn.weatherapi.com/weather/64x64/night/113.png","code":1000},"wind_mph":2.2,"wind_kph":3.6,"wind_degree":41,"wind_dir":"NE","pressure_mb":1022.0,"pressure_in":30.19,"precip_mm":0.0,"precip_in":0.0,"snow_cm":0.0,"humidity":22,"cloud":2,"feelslike_c":0.7,"feelslike_f":33.3,"windchill_c":0.7,"windchill_f":33.3,"heatindex_c":1.4,"heatindex_f":34.5,"dewpoint_c":-17.7,"dewpoint_f":0.2,"will_it_rain":0,"chance_of_rain":0,"will_it_snow":0,"chance_of_snow":0,"vis_km":10.0,"vis_miles":6.0,"gust_mph":4.7,"gust_kph":7.6,"uv":1.0},{"time_epoch":1705042800,"time":"2024-01-11
        23:00","temp_c":0.9,"temp_f":33.7,"is_day":0,"condition":{"text":"Clear","icon":"//cdn.weatherapi.com/weather/64x64/night/113.png","code":1000},"wind_mph":2.5,"wind_kph":4.0,"wind_degree":45,"wind_dir":"NE","pressure_mb":1023.0,"pressure_in":30.21,"precip_mm":0.0,"precip_in":0.0,"snow_cm":0.0,"humidity":24,"cloud":3,"feelslike_c":0.0,"feelslike_f":32.0,"windchill_c":0.0,"windchill_f":32.0,"heatindex_c":0.9,"heatindex_f":33.7,"dewpoint_c":-17.4,"dewpoint_f":0.8,"will_it_rain":0,"chance_of_rain":0,"will_it_snow":0,"chance_of_snow":0,"vis_km":10.0,"vis_miles":6.0,"gust_mph":5.2,"gust_kph":8.3,"uv":1.0}]}]}}'
  recorded_at: Fri, 12 Jan 2024 20:32:41 GMT
- request:
    method: get
    uri: http://api.weatherapi.com/v1/history.json?dt=2024-02-01&key=<WEATHER_API_KEY>&q=36.53,-116.93
    body:
      encoding: US-ASCII
      string: ''
    headers:
      User-Agent:
      - Faraday v2.8.1
      Accept-Encoding:
      - gzip;q=1.0,deflate;q=0.6,identity;q=0.3
      Accept:
      - "*/*"
  response:
    status:
      code: 200
      message: OK
    headers:
      Date:
      - Fri, 02 Feb 2024 01:08:06 GMT
      Content-Type:
      - application/json
      Vary:
      - Accept-Encoding
      Server:
      - BunnyCDN-IL1-1068
      Cdn-Pullzone:
      - '93447'
      Cdn-Uid:
      - 8fa3a04a-75d9-4707-8056-b7b33c8ac7fe
      Cdn-Requestcountrycode:
      - US
      Age:
      - '0'
      Cache-Control:
      - public, max-age=180
      X-Weatherapi-Qpm-Left:
      - '999782'
      X-Varnish:
      - '310019789'
      Cdn-Proxyver:
      - '1.04'
      Cdn-Requestpullsuccess:
      - 'True'
      Cdn-Requestpullcode:
      - '200'
      Cdn-Cachedat:
      - 02/02/2024 01:08:06
      Cdn-Edgestorageid:
      - '1070'
      Cdn-Status:
      - '200'
      Cdn-Requestid:
      - b5a4204a8b77cb058d37b8f2273dcd0a
      Cdn-Cache:
      - EXPIRED
      X-Cache:
      - MISS from 3
      Transfer-Encoding:
      - chunked
      Via:
      - 1.1 varnish (Varnish/6.0), 1.1 3 (squid)
      Connection:
      - keep-alive
    body:
      encoding: ASCII-8BIT
      string: '{"location":{"name":"Beatty Junction","region":"California","country":"United
        States of America","lat":36.53,"lon":-116.93,"tz_id":"America/Los_Angeles","localtime_epoch":1706836047,"localtime":"2024-02-01
        17:07"},"forecast":{"forecastday":[{"date":"2024-02-01","date_epoch":1706745600,"day":{"maxtemp_c":18.5,"maxtemp_f":65.3,"mintemp_c":9.4,"mintemp_f":48.9,"avgtemp_c":12.7,"avgtemp_f":54.9,"maxwind_mph":13.6,"maxwind_kph":22.0,"totalprecip_mm":8.97,"totalprecip_in":0.35,"totalsnow_cm":0.0,"avgvis_km":7.9,"avgvis_miles":4.0,"avghumidity":70,"daily_will_it_rain":1,"daily_chance_of_rain":100,"daily_will_it_snow":0,"daily_chance_of_snow":0,"condition":{"text":"Light
        rain","icon":"//cdn.weatherapi.com/weather/64x64/day/296.png","code":1183},"uv":4.0},"astro":{"sunrise":"06:49
        AM","sunset":"05:14 PM","moonrise":"11:57 PM","moonset":"10:11 AM","moon_phase":"Waning
        Gibbous","moon_illumination":69},"hour":[{"time_epoch":1706774400,"time":"2024-02-01
        00:00","temp_c":18.5,"temp_f":65.3,"is_day":0,"condition":{"text":"Cloudy","icon":"//cdn.weatherapi.com/weather/64x64/night/119.png","code":1006},"wind_mph":7.8,"wind_kph":12.6,"wind_degree":155,"wind_dir":"SSE","pressure_mb":1007.0,"pressure_in":29.74,"precip_mm":0.0,"precip_in":0.0,"snow_cm":0.0,"humidity":38,"cloud":85,"feelslike_c":18.5,"feelslike_f":65.3,"windchill_c":18.5,"windchill_f":65.3,"heatindex_c":18.5,"heatindex_f":65.3,"dewpoint_c":3.9,"dewpoint_f":39.0,"will_it_rain":0,"chance_of_rain":0,"will_it_snow":0,"chance_of_snow":0,"vis_km":10.0,"vis_miles":6.0,"gust_mph":9.0,"gust_kph":14.5,"uv":1.0},{"time_epoch":1706778000,"time":"2024-02-01
        01:00","temp_c":18.1,"temp_f":64.5,"is_day":0,"condition":{"text":"Cloudy","icon":"//cdn.weatherapi.com/weather/64x64/night/119.png","code":1006},"wind_mph":8.3,"wind_kph":13.3,"wind_degree":176,"wind_dir":"S","pressure_mb":1007.0,"pressure_in":29.74,"precip_mm":0.0,"precip_in":0.0,"snow_cm":0.0,"humidity":37,"cloud":65,"feelslike_c":18.1,"feelslike_f":64.5,"windchill_c":18.1,"windchill_f":64.5,"heatindex_c":18.1,"heatindex_f":64.5,"dewpoint_c":3.3,"dewpoint_f":37.9,"will_it_rain":0,"chance_of_rain":0,"will_it_snow":0,"chance_of_snow":0,"vis_km":10.0,"vis_miles":6.0,"gust_mph":9.5,"gust_kph":15.3,"uv":1.0},{"time_epoch":1706781600,"time":"2024-02-01
        02:00","temp_c":17.5,"temp_f":63.5,"is_day":0,"condition":{"text":"Partly
        cloudy","icon":"//cdn.weatherapi.com/weather/64x64/night/116.png","code":1003},"wind_mph":9.8,"wind_kph":15.8,"wind_degree":169,"wind_dir":"S","pressure_mb":1007.0,"pressure_in":29.73,"precip_mm":0.0,"precip_in":0.0,"snow_cm":0.0,"humidity":36,"cloud":50,"feelslike_c":17.5,"feelslike_f":63.5,"windchill_c":17.5,"windchill_f":63.5,"heatindex_c":17.5,"heatindex_f":63.5,"dewpoint_c":2.4,"dewpoint_f":36.4,"will_it_rain":0,"chance_of_rain":45,"will_it_snow":0,"chance_of_snow":0,"vis_km":10.0,"vis_miles":6.0,"gust_mph":11.3,"gust_kph":18.2,"uv":1.0},{"time_epoch":1706785200,"time":"2024-02-01
        03:00","temp_c":16.8,"temp_f":62.3,"is_day":0,"condition":{"text":"Cloudy","icon":"//cdn.weatherapi.com/weather/64x64/night/119.png","code":1006},"wind_mph":8.9,"wind_kph":14.4,"wind_degree":185,"wind_dir":"S","pressure_mb":1008.0,"pressure_in":29.75,"precip_mm":0.0,"precip_in":0.0,"snow_cm":0.0,"humidity":38,"cloud":80,"feelslike_c":16.8,"feelslike_f":62.3,"windchill_c":16.8,"windchill_f":62.3,"heatindex_c":16.8,"heatindex_f":62.3,"dewpoint_c":2.7,"dewpoint_f":36.9,"will_it_rain":0,"chance_of_rain":45,"will_it_snow":0,"chance_of_snow":0,"vis_km":10.0,"vis_miles":6.0,"gust_mph":10.3,"gust_kph":16.6,"uv":1.0},{"time_epoch":1706788800,"time":"2024-02-01
        04:00","temp_c":15.9,"temp_f":60.6,"is_day":0,"condition":{"text":"Patchy
        rain possible","icon":"//cdn.weatherapi.com/weather/64x64/night/176.png","code":1063},"wind_mph":7.4,"wind_kph":11.9,"wind_degree":188,"wind_dir":"S","pressure_mb":1007.0,"pressure_in":29.74,"precip_mm":0.03,"precip_in":0.0,"snow_cm":0.0,"humidity":42,"cloud":58,"feelslike_c":15.9,"feelslike_f":60.6,"windchill_c":15.9,"windchill_f":60.6,"heatindex_c":15.9,"heatindex_f":60.6,"dewpoint_c":3.3,"dewpoint_f":37.9,"will_it_rain":0,"chance_of_rain":45,"will_it_snow":0,"chance_of_snow":0,"vis_km":10.0,"vis_miles":6.0,"gust_mph":8.5,"gust_kph":13.7,"uv":1.0},{"time_epoch":1706792400,"time":"2024-02-01
        05:00","temp_c":15.2,"temp_f":59.3,"is_day":0,"condition":{"text":"Patchy
        rain possible","icon":"//cdn.weatherapi.com/weather/64x64/night/176.png","code":1063},"wind_mph":4.7,"wind_kph":7.6,"wind_degree":191,"wind_dir":"SSW","pressure_mb":1008.0,"pressure_in":29.77,"precip_mm":0.11,"precip_in":0.0,"snow_cm":0.0,"humidity":50,"cloud":72,"feelslike_c":14.8,"feelslike_f":58.7,"windchill_c":14.8,"windchill_f":58.7,"heatindex_c":15.2,"heatindex_f":59.3,"dewpoint_c":4.6,"dewpoint_f":40.3,"will_it_rain":1,"chance_of_rain":100,"will_it_snow":0,"chance_of_snow":0,"vis_km":10.0,"vis_miles":6.0,"gust_mph":5.4,"gust_kph":8.7,"uv":1.0},{"time_epoch":1706796000,"time":"2024-02-01
        06:00","temp_c":13.9,"temp_f":57.1,"is_day":0,"condition":{"text":"Light drizzle","icon":"//cdn.weatherapi.com/weather/64x64/night/266.png","code":1153},"wind_mph":6.9,"wind_kph":11.2,"wind_degree":186,"wind_dir":"S","pressure_mb":1008.0,"pressure_in":29.78,"precip_mm":0.17,"precip_in":0.01,"snow_cm":0.0,"humidity":53,"cloud":80,"feelslike_c":12.8,"feelslike_f":55.0,"windchill_c":12.8,"windchill_f":55.0,"heatindex_c":13.9,"heatindex_f":57.1,"dewpoint_c":5.0,"dewpoint_f":40.9,"will_it_rain":1,"chance_of_rain":100,"will_it_snow":0,"chance_of_snow":0,"vis_km":2.0,"vis_miles":1.0,"gust_mph":8.0,"gust_kph":12.9,"uv":1.0},{"time_epoch":1706799600,"time":"2024-02-01
        07:00","temp_c":12.9,"temp_f":55.2,"is_day":1,"condition":{"text":"Patchy
        light drizzle","icon":"//cdn.weatherapi.com/weather/64x64/day/263.png","code":1150},"wind_mph":13.2,"wind_kph":21.2,"wind_degree":156,"wind_dir":"SSE","pressure_mb":1009.0,"pressure_in":29.8,"precip_mm":0.41,"precip_in":0.02,"snow_cm":0.0,"humidity":66,"cloud":53,"feelslike_c":11.1,"feelslike_f":52.1,"windchill_c":11.1,"windchill_f":52.1,"heatindex_c":12.9,"heatindex_f":55.2,"dewpoint_c":6.5,"dewpoint_f":43.6,"will_it_rain":1,"chance_of_rain":100,"will_it_snow":0,"chance_of_snow":0,"vis_km":5.0,"vis_miles":3.0,"gust_mph":15.2,"gust_kph":24.4,"uv":3.0},{"time_epoch":1706803200,"time":"2024-02-01
        08:00","temp_c":12.3,"temp_f":54.1,"is_day":1,"condition":{"text":"Light drizzle","icon":"//cdn.weatherapi.com/weather/64x64/day/266.png","code":1153},"wind_mph":13.6,"wind_kph":22.0,"wind_degree":150,"wind_dir":"SSE","pressure_mb":1009.0,"pressure_in":29.79,"precip_mm":0.23,"precip_in":0.01,"snow_cm":0.0,"humidity":73,"cloud":76,"feelslike_c":10.3,"feelslike_f":50.5,"windchill_c":10.3,"windchill_f":50.5,"heatindex_c":12.3,"heatindex_f":54.1,"dewpoint_c":7.1,"dewpoint_f":44.8,"will_it_rain":1,"chance_of_rain":100,"will_it_snow":0,"chance_of_snow":0,"vis_km":2.0,"vis_miles":1.0,"gust_mph":15.7,"gust_kph":25.3,"uv":3.0},{"time_epoch":1706806800,"time":"2024-02-01
        09:00","temp_c":12.0,"temp_f":53.5,"is_day":1,"condition":{"text":"Light drizzle","icon":"//cdn.weatherapi.com/weather/64x64/day/266.png","code":1153},"wind_mph":13.2,"wind_kph":21.2,"wind_degree":160,"wind_dir":"SSE","pressure_mb":1009.0,"pressure_in":29.79,"precip_mm":0.36,"precip_in":0.01,"snow_cm":0.0,"humidity":76,"cloud":88,"feelslike_c":9.9,"feelslike_f":49.8,"windchill_c":9.9,"windchill_f":49.8,"heatindex_c":12.0,"heatindex_f":53.5,"dewpoint_c":7.6,"dewpoint_f":45.6,"will_it_rain":1,"chance_of_rain":100,"will_it_snow":0,"chance_of_snow":0,"vis_km":2.0,"vis_miles":1.0,"gust_mph":15.2,"gust_kph":24.4,"uv":3.0},{"time_epoch":1706810400,"time":"2024-02-01
        10:00","temp_c":11.8,"temp_f":53.3,"is_day":1,"condition":{"text":"Light rain","icon":"//cdn.weatherapi.com/weather/64x64/day/296.png","code":1183},"wind_mph":12.1,"wind_kph":19.4,"wind_degree":153,"wind_dir":"SSE","pressure_mb":1009.0,"pressure_in":29.78,"precip_mm":0.82,"precip_in":0.03,"snow_cm":0.0,"humidity":77,"cloud":100,"feelslike_c":10.0,"feelslike_f":49.9,"windchill_c":10.0,"windchill_f":49.9,"heatindex_c":11.8,"heatindex_f":53.3,"dewpoint_c":7.8,"dewpoint_f":46.0,"will_it_rain":1,"chance_of_rain":100,"will_it_snow":0,"chance_of_snow":0,"vis_km":9.0,"vis_miles":5.0,"gust_mph":13.9,"gust_kph":22.4,"uv":3.0},{"time_epoch":1706814000,"time":"2024-02-01
        11:00","temp_c":11.8,"temp_f":53.2,"is_day":1,"condition":{"text":"Light rain","icon":"//cdn.weatherapi.com/weather/64x64/day/296.png","code":1183},"wind_mph":9.4,"wind_kph":15.1,"wind_degree":153,"wind_dir":"SSE","pressure_mb":1008.0,"pressure_in":29.77,"precip_mm":1.09,"precip_in":0.04,"snow_cm":0.0,"humidity":77,"cloud":100,"feelslike_c":10.2,"feelslike_f":50.4,"windchill_c":10.2,"windchill_f":50.4,"heatindex_c":11.8,"heatindex_f":53.2,"dewpoint_c":7.8,"dewpoint_f":46.0,"will_it_rain":1,"chance_of_rain":100,"will_it_snow":0,"chance_of_snow":0,"vis_km":9.0,"vis_miles":5.0,"gust_mph":10.8,"gust_kph":17.4,"uv":3.0},{"time_epoch":1706817600,"time":"2024-02-01
        12:00","temp_c":11.7,"temp_f":53.1,"is_day":1,"condition":{"text":"Light rain","icon":"//cdn.weatherapi.com/weather/64x64/day/296.png","code":1183},"wind_mph":7.2,"wind_kph":11.5,"wind_degree":161,"wind_dir":"SSE","pressure_mb":1008.0,"pressure_in":29.77,"precip_mm":0.97,"precip_in":0.04,"snow_cm":0.0,"humidity":77,"cloud":100,"feelslike_c":10.9,"feelslike_f":51.7,"windchill_c":10.9,"windchill_f":51.7,"heatindex_c":11.7,"heatindex_f":53.1,"dewpoint_c":7.8,"dewpoint_f":46.1,"will_it_rain":1,"chance_of_rain":100,"will_it_snow":0,"chance_of_snow":0,"vis_km":9.0,"vis_miles":5.0,"gust_mph":8.2,"gust_kph":13.2,"uv":3.0},{"time_epoch":1706821200,"time":"2024-02-01
        13:00","temp_c":11.4,"temp_f":52.6,"is_day":1,"condition":{"text":"Light drizzle","icon":"//cdn.weatherapi.com/weather/64x64/day/266.png","code":1153},"wind_mph":2.9,"wind_kph":4.7,"wind_degree":164,"wind_dir":"SSE","pressure_mb":1007.0,"pressure_in":29.73,"precip_mm":0.4,"precip_in":0.02,"snow_cm":0.0,"humidity":77,"cloud":100,"feelslike_c":11.3,"feelslike_f":52.3,"windchill_c":11.3,"windchill_f":52.3,"heatindex_c":11.4,"heatindex_f":52.6,"dewpoint_c":7.8,"dewpoint_f":46.0,"will_it_rain":1,"chance_of_rain":100,"will_it_snow":0,"chance_of_snow":0,"vis_km":2.0,"vis_miles":1.0,"gust_mph":3.4,"gust_kph":5.4,"uv":3.0},{"time_epoch":1706824800,"time":"2024-02-01
        14:00","temp_c":11.0,"temp_f":51.8,"is_day":1,"condition":{"text":"Light rain","icon":"//cdn.weatherapi.com/weather/64x64/day/296.png","code":1183},"wind_mph":2.0,"wind_kph":3.2,"wind_degree":188,"wind_dir":"S","pressure_mb":1006.0,"pressure_in":29.7,"precip_mm":1.95,"precip_in":0.08,"snow_cm":0.0,"humidity":81,"cloud":100,"feelslike_c":11.0,"feelslike_f":51.7,"windchill_c":11.0,"windchill_f":51.7,"heatindex_c":11.0,"heatindex_f":51.8,"dewpoint_c":8.1,"dewpoint_f":46.5,"will_it_rain":1,"chance_of_rain":100,"will_it_snow":0,"chance_of_snow":0,"vis_km":9.0,"vis_miles":5.0,"gust_mph":2.3,"gust_kph":3.7,"uv":3.0},{"time_epoch":1706828400,"time":"2024-02-01
        15:00","temp_c":10.9,"temp_f":51.6,"is_day":1,"condition":{"text":"Light rain","icon":"//cdn.weatherapi.com/weather/64x64/day/296.png","code":1183},"wind_mph":0.9,"wind_kph":1.4,"wind_degree":195,"wind_dir":"SSW","pressure_mb":1006.0,"pressure_in":29.69,"precip_mm":1.36,"precip_in":0.05,"snow_cm":0.0,"humidity":87,"cloud":100,"feelslike_c":10.8,"feelslike_f":51.5,"windchill_c":10.8,"windchill_f":51.5,"heatindex_c":10.9,"heatindex_f":51.6,"dewpoint_c":8.6,"dewpoint_f":47.4,"will_it_rain":1,"chance_of_rain":100,"will_it_snow":0,"chance_of_snow":0,"vis_km":9.0,"vis_miles":5.0,"gust_mph":1.0,"gust_kph":1.7,"uv":3.0},{"time_epoch":1706832000,"time":"2024-02-01
        16:00","temp_c":10.8,"temp_f":51.5,"is_day":1,"condition":{"text":"Light drizzle","icon":"//cdn.weatherapi.com/weather/64x64/day/266.png","code":1153},"wind_mph":1.3,"wind_kph":2.2,"wind_degree":164,"wind_dir":"SSE","pressure_mb":1005.0,"pressure_in":29.69,"precip_mm":0.34,"precip_in":0.01,"snow_cm":0.0,"humidity":88,"cloud":100,"feelslike_c":10.8,"feelslike_f":51.5,"windchill_c":10.8,"windchill_f":51.5,"heatindex_c":10.8,"heatindex_f":51.5,"dewpoint_c":8.8,"dewpoint_f":47.8,"will_it_rain":1,"chance_of_rain":100,"will_it_snow":0,"chance_of_snow":0,"vis_km":2.0,"vis_miles":1.0,"gust_mph":1.5,"gust_kph":2.5,"uv":3.0},{"time_epoch":1706835600,"time":"2024-02-01
        17:00","temp_c":10.9,"temp_f":51.5,"is_day":1,"condition":{"text":"Patchy
        rain possible","icon":"//cdn.weatherapi.com/weather/64x64/day/176.png","code":1063},"wind_mph":0.2,"wind_kph":0.4,"wind_degree":315,"wind_dir":"NW","pressure_mb":1005.0,"pressure_in":29.68,"precip_mm":0.14,"precip_in":0.01,"snow_cm":0.0,"humidity":87,"cloud":100,"feelslike_c":10.8,"feelslike_f":51.5,"windchill_c":10.8,"windchill_f":51.5,"heatindex_c":10.9,"heatindex_f":51.5,"dewpoint_c":8.7,"dewpoint_f":47.7,"will_it_rain":1,"chance_of_rain":100,"will_it_snow":0,"chance_of_snow":0,"vis_km":10.0,"vis_miles":6.0,"gust_mph":0.3,"gust_kph":0.4,"uv":3.0},{"time_epoch":1706839200,"time":"2024-02-01
        18:00","temp_c":10.9,"temp_f":51.5,"is_day":0,"condition":{"text":"Patchy
        rain possible","icon":"//cdn.weatherapi.com/weather/64x64/night/176.png","code":1063},"wind_mph":1.1,"wind_kph":1.8,"wind_degree":308,"wind_dir":"NW","pressure_mb":1005.0,"pressure_in":29.68,"precip_mm":0.08,"precip_in":0.0,"snow_cm":0.0,"humidity":87,"cloud":100,"feelslike_c":10.6,"feelslike_f":51.2,"windchill_c":10.6,"windchill_f":51.2,"heatindex_c":10.9,"heatindex_f":51.5,"dewpoint_c":8.7,"dewpoint_f":47.7,"will_it_rain":0,"chance_of_rain":45,"will_it_snow":0,"chance_of_snow":0,"vis_km":10.0,"vis_miles":6.0,"gust_mph":1.3,"gust_kph":2.1,"uv":1.0},{"time_epoch":1706842800,"time":"2024-02-01
        19:00","temp_c":10.7,"temp_f":51.3,"is_day":0,"condition":{"text":"Patchy
        rain possible","icon":"//cdn.weatherapi.com/weather/64x64/night/176.png","code":1063},"wind_mph":3.8,"wind_kph":6.1,"wind_degree":311,"wind_dir":"NW","pressure_mb":1005.0,"pressure_in":29.69,"precip_mm":0.11,"precip_in":0.0,"snow_cm":0.0,"humidity":87,"cloud":100,"feelslike_c":10.1,"feelslike_f":50.1,"windchill_c":10.1,"windchill_f":50.1,"heatindex_c":10.7,"heatindex_f":51.3,"dewpoint_c":8.7,"dewpoint_f":47.7,"will_it_rain":1,"chance_of_rain":100,"will_it_snow":0,"chance_of_snow":0,"vis_km":10.0,"vis_miles":6.0,"gust_mph":4.4,"gust_kph":7.1,"uv":1.0},{"time_epoch":1706846400,"time":"2024-02-01
        20:00","temp_c":10.6,"temp_f":51.1,"is_day":0,"condition":{"text":"Light rain
        shower","icon":"//cdn.weatherapi.com/weather/64x64/night/353.png","code":1240},"wind_mph":5.8,"wind_kph":9.4,"wind_degree":312,"wind_dir":"NW","pressure_mb":1006.0,"pressure_in":29.7,"precip_mm":0.18,"precip_in":0.01,"snow_cm":0.0,"humidity":87,"cloud":100,"feelslike_c":9.7,"feelslike_f":49.5,"windchill_c":9.7,"windchill_f":49.5,"heatindex_c":10.6,"heatindex_f":51.1,"dewpoint_c":8.5,"dewpoint_f":47.3,"will_it_rain":1,"chance_of_rain":100,"will_it_snow":0,"chance_of_snow":0,"vis_km":10.0,"vis_miles":6.0,"gust_mph":6.7,"gust_kph":10.8,"uv":1.0},{"time_epoch":1706850000,"time":"2024-02-01
        21:00","temp_c":10.5,"temp_f":50.8,"is_day":0,"condition":{"text":"Patchy
        rain possible","icon":"//cdn.weatherapi.com/weather/64x64/night/176.png","code":1063},"wind_mph":5.6,"wind_kph":9.0,"wind_degree":322,"wind_dir":"NW","pressure_mb":1006.0,"pressure_in":29.71,"precip_mm":0.14,"precip_in":0.01,"snow_cm":0.0,"humidity":85,"cloud":85,"feelslike_c":9.5,"feelslike_f":49.1,"windchill_c":9.5,"windchill_f":49.1,"heatindex_c":10.5,"heatindex_f":50.8,"dewpoint_c":8.1,"dewpoint_f":46.5,"will_it_rain":1,"chance_of_rain":100,"will_it_snow":0,"chance_of_snow":0,"vis_km":10.0,"vis_miles":6.0,"gust_mph":6.5,"gust_kph":10.5,"uv":1.0},{"time_epoch":1706853600,"time":"2024-02-01
        22:00","temp_c":9.9,"temp_f":49.9,"is_day":0,"condition":{"text":"Patchy rain
        possible","icon":"//cdn.weatherapi.com/weather/64x64/night/176.png","code":1063},"wind_mph":5.4,"wind_kph":8.6,"wind_degree":335,"wind_dir":"NNW","pressure_mb":1006.0,"pressure_in":29.71,"precip_mm":0.04,"precip_in":0.0,"snow_cm":0.0,"humidity":84,"cloud":61,"feelslike_c":8.7,"feelslike_f":47.7,"windchill_c":8.7,"windchill_f":47.7,"heatindex_c":9.9,"heatindex_f":49.9,"dewpoint_c":7.8,"dewpoint_f":46.0,"will_it_rain":0,"chance_of_rain":45,"will_it_snow":0,"chance_of_snow":0,"vis_km":10.0,"vis_miles":6.0,"gust_mph":6.2,"gust_kph":10.0,"uv":1.0},{"time_epoch":1706857200,"time":"2024-02-01
        23:00","temp_c":9.4,"temp_f":48.9,"is_day":0,"condition":{"text":"Patchy rain
        possible","icon":"//cdn.weatherapi.com/weather/64x64/night/176.png","code":1063},"wind_mph":6.0,"wind_kph":9.7,"wind_degree":316,"wind_dir":"NW","pressure_mb":1006.0,"pressure_in":29.71,"precip_mm":0.03,"precip_in":0.0,"snow_cm":0.0,"humidity":84,"cloud":57,"feelslike_c":8.0,"feelslike_f":46.4,"windchill_c":8.0,"windchill_f":46.4,"heatindex_c":9.4,"heatindex_f":48.9,"dewpoint_c":6.9,"dewpoint_f":44.4,"will_it_rain":0,"chance_of_rain":45,"will_it_snow":0,"chance_of_snow":0,"vis_km":10.0,"vis_miles":6.0,"gust_mph":7.0,"gust_kph":11.2,"uv":1.0}]}]}}'
  recorded_at: Fri, 02 Feb 2024 01:08:06 GMT
recorded_with: VCR 6.2.0
